    Updating crates.io index
 Downloading crates ...
  Downloaded bitflags v2.10.0
  Downloaded axum-core v0.5.5
  Downloaded cfg-if v1.0.4
  Downloaded futures-sink v0.3.31
  Downloaded mimalloc v0.1.48
  Downloaded itoa v1.0.15
  Downloaded http-body v1.0.1
  Downloaded futures-task v0.3.31
  Downloaded pin-utils v0.1.0
  Downloaded futures-core v0.3.31
  Downloaded futures-channel v0.3.31
  Downloaded http-body-util v0.1.3
  Downloaded tokio-macros v2.6.0
  Downloaded quote v1.0.42
  Downloaded signal-hook-registry v1.4.7
  Downloaded pin-project-lite v0.2.16
  Downloaded slab v0.4.11
  Downloaded cc v1.2.48
  Downloaded once_cell v1.21.3
  Downloaded shlex v1.3.0
  Downloaded smallvec v1.15.1
  Downloaded ryu v1.0.20
  Downloaded unicode-ident v1.0.22
  Downloaded bytes v1.11.0
  Downloaded socket2 v0.6.1
  Downloaded tracing-core v0.1.35
  Downloaded find-msvc-tools v0.1.5
  Downloaded proc-macro2 v1.0.103
  Downloaded serde_derive v1.0.228
  Downloaded axum v0.8.7
  Downloaded serde v1.0.228
  Downloaded memchr v2.7.6
  Downloaded serde_core v1.0.228
  Downloaded tracing v0.1.43
  Downloaded tower v0.5.2
  Downloaded indexmap v2.12.1
  Downloaded hyper-util v0.1.18
  Downloaded mio v1.1.0
  Downloaded http v1.4.0
  Downloaded tokio-util v0.7.17
  Downloaded hashbrown v0.16.1
  Downloaded tower-http v0.6.7
  Downloaded futures-util v0.3.31
  Downloaded hyper v1.8.1
  Downloaded h2 v0.4.12
  Downloaded serde_json v1.0.145
  Downloaded syn v2.0.111
  Downloaded libmimalloc-sys v0.1.44
  Downloaded libc v0.2.177
  Downloaded tokio v1.48.0
   Compiling libc v0.2.177
   Compiling proc-macro2 v1.0.103
   Compiling quote v1.0.42
   Compiling unicode-ident v1.0.22
   Compiling bytes v1.11.0
   Compiling pin-project-lite v0.2.16
   Compiling itoa v1.0.15
   Compiling parking_lot_core v0.9.12
   Compiling futures-core v0.3.31
   Compiling scopeguard v1.2.0
   Compiling smallvec v1.15.1
   Compiling cfg-if v1.0.4
   Compiling http v1.4.0
   Compiling lock_api v0.4.14
   Compiling syn v2.0.111
   Compiling serde_core v1.0.228
   Compiling socket2 v0.6.1
   Compiling parking_lot v0.12.5
   Compiling signal-hook-registry v1.4.7
   Compiling mio v1.1.0
   Compiling once_cell v1.21.3
   Compiling tracing-core v0.1.35
   Compiling http-body v1.0.1
   Compiling tower-service v0.3.3
   Compiling shlex v1.3.0
   Compiling futures-sink v0.3.31
   Compiling find-msvc-tools v0.1.5
   Compiling hashbrown v0.16.1
   Compiling httparse v1.10.1
   Compiling pin-utils v0.1.0
   Compiling equivalent v1.0.2
   Compiling cc v1.2.48
   Compiling indexmap v2.12.1
   Compiling tracing v0.1.43
   Compiling tokio-macros v2.6.0
   Compiling fnv v1.0.7
   Compiling serde v1.0.228
   Compiling tower-layer v0.3.3
   Compiling atomic-waker v1.1.2
   Compiling slab v0.4.11
   Compiling libmimalloc-sys v0.1.44
   Compiling serde_derive v1.0.228
   Compiling futures-channel v0.3.31
   Compiling tokio v1.48.0
   Compiling futures-task v0.3.31
   Compiling httpdate v1.0.3
   Compiling sync_wrapper v1.0.2
   Compiling percent-encoding v2.3.2
   Compiling ryu v1.0.20
   Compiling serde_json v1.0.145
   Compiling form_urlencoded v1.2.2
   Compiling futures-util v0.3.31
   Compiling http-body-util v0.1.3
   Compiling mime v0.3.17
   Compiling memchr v2.7.6
   Compiling serde_urlencoded v0.7.1
   Compiling axum-core v0.5.5
   Compiling serde_path_to_error v0.1.20
   Compiling bitflags v2.10.0
   Compiling matchit v0.8.4
   Compiling tokio-util v0.7.17
   Compiling tower v0.5.2
   Compiling tower-http v0.6.7
   Compiling h2 v0.4.12
   Compiling mimalloc v0.1.48
   Compiling num_cpus v1.17.0
   Compiling hyper v1.8.1
   Compiling hyper-util v0.1.18
   Compiling axum v0.8.7
   Compiling axum-techempower v0.3.0 (/root/tfb/bench/tfb/axum)
    Finished `release` profile [optimized] target(s) in 1m 23s
