   Compiling zstd-safe v7.2.3
   Compiling zstd-sys v2.0.14+zstd.1.5.7
   Compiling snmalloc-sys v0.3.8
   Compiling httparse v1.8.0
   Compiling rand v0.8.5
   Compiling zstd v0.13.3
   Compiling local-channel v0.1.3
   Compiling thiserror v1.0.69
   Compiling mio v0.8.8
   Compiling time v0.1.45
   Compiling encoding_rs v0.8.32
   Compiling socket2 v0.4.9
   Compiling num_cpus v1.16.0
   Compiling base64 v0.22.1
   Compiling bitflags v2.9.0
   Compiling regex-lite v0.1.6
   Compiling simdutf8 v0.1.4
   Compiling language-tags v0.3.2
   Compiling mime v0.3.17
   Compiling httpdate v1.0.2
   Compiling iana-time-zone v0.1.57
   Compiling actix-http v3.9.0
   Compiling chrono v0.4.26
   Compiling actix-router v0.5.3
   Compiling simd-json v0.14.3
   Compiling actix-server v2.2.0
   Compiling simd-json-derive-int v0.15.0
   Compiling url v2.5.4
   Compiling cookie v0.16.2
   Compiling actix-web-codegen v4.3.0
   Compiling serde_urlencoded v0.7.1
   Compiling actix-macros v0.2.3
   Compiling impl-more v0.1.9
   Compiling simd-json-derive v0.15.0
   Compiling actix-web v4.9.0
   Compiling snmalloc-rs v0.3.8
   Compiling tfb-actix v4.0.0 (/root/tfb/bench/tfb/actix)
    Finished `release` profile [optimized] target(s) in 1m 03s
